<?xml version="1.0" encoding="utf-8"?><testsuites name="pytest tests"><testsuite name="pytest" errors="0" failures="0" skipped="0" tests="4" time="0.704" timestamp="2025-09-10T15:08:46.531206+02:00" hostname="DESKTOP-2OUI3G2"><testcase classname="tests.test_reader" name="test_read_txt" time="0.008" /><testcase classname="tests.test_reader" name="test_read_unsupported_extension" time="0.004" /><testcase classname="tests.test_summarizer" name="test_summarize_basic" time="0.076" /><testcase classname="tests.test_summarizer" name="test_summarize_empty" time="0.001" /></testsuite></testsuites>